SelectQuery@1654f367
  ResultSet@2337faa5[name, order_date]
    Project@302878b3[user.customers.name, user.orders.order_date]
      Select@310c4878[user.orders.order_date >= 2010-01-01, user.orders.order_date <= 2019-12-31]
        TableGroupJoinTree@1d69d770(TableGroup@5d60238e(customers), customers INNER orders - IndexScan@52be6f86(Index(user.customers.name[IndexColumn(name)]), NONE, >=A, <=B, rows = 30, cost = 59479.8))
          TableSource@1dff92c6(user.customers - TableGroup@5d60238e(customers))
            TableSource@75fd148c(user.orders - TableGroupJoin@548bf0da(Join(user/customers/cid/user/user.orders/cid: user.orders -> user.customers, group(customers))))