SelectQuery@1e228bc
  ResultSet@e06940[_SQL_COL_1]
    Project@11e0c13[if(user.items.quan > 0,Cast(user.items.quan AS BIGINT),NULL)]
      Select@de1b8a[]
        TableSource@f9c40(user.items)