SelectQuery@454c8132
  ResultSet@21b61d29[oid]
    Project@3b348009[orders.oid]
      Select@73c1ed3c[orders.order_date == 2011-12-31]
        Flatten@1d735691(customers INNER orders)
          BranchLookup@4c470db7(customers -> orders)
            AncestorLookup@7f3858b1(orders -> [customers])
              IndexScan@4cd59080(Index(user.orders.order_date[IndexColumn(order_date)]), NONE, =2012-01-01, rows = 10, cost = 904.187)
              TableSource@31b3cd19(customers - TableGroup@58959802(customers))
            TableSource@590a46e2(orders - TableGroupJoin@5901eae8(Join(user/customers/cid/user/user.orders/cid: user.orders -> user.customers, group(customers))))
