PhysicalSelect[_SQL_COL_1:INTEGER NOT NULL]
  project([Field(0)])
    Count_Default(Index(test.orders.PRIMARY[IndexColumn(oid)]))
      Map_NestedLoops
        Map_NestedLoops
          Filter_Default([test.items])
            GroupScan_Default(full scan on _akiban_customers)
          project([Arith(+ -> Bound(1,Field(0)), Literal(1) -> LONG), Arith(+ -> Field(0), Literal(1) -> LONG)])
            Filter_Default([test.items])
              Select_HKeyOrdered(test.items, Field(3) == Bound(1,Field(3)))
                GroupScan_Default(full scan on _akiban_customers)
        Map_NestedLoops
          IndexScan_Default(Index(test.customers.PRIMARY[IndexColumn(cid)]) (>=UnboundExpressions[Bound(0,Field(0))],<=UnboundExpressions[Bound(0,Field(0))]))
          IfEmpty_Default(Literal(NULL), Literal(NULL), KEEP_INPUT)
            IndexScan_Default(Index(test.orders.PRIMARY[IndexColumn(oid)]) (>=UnboundExpressions[Bound(0,Field(1))],<=UnboundExpressions[Bound(0,Field(1))]))