BIND my_one -> alpha
BIND my_two -> beta
BIND my_three -> gamma
LOCK delta
REQUIRE epsilon
REQUIRE zeta
MUST BE LOCKED zeta
MUST BE LOCKED eta
MUST BE BOUND theta
SECTION END