PhysicalUpdate/NO_CACHE
  Insert_Returning(INTO customers(cid, name))
    Project_Default(CAST(Field(0) AS INT), Field(1))
      ValuesScan_Default([1, 'Smith'], [2, 'Jones'], [3, 'Brown'])