PhysicalSelect[_SQL_COL_1:MCOMPAT_ INT(11) NOT NULL, _SQL_COL_2:MCOMPAT_ VARCHAR(5, UTF8, NONE) NOT NULL]
  Project_Default(1, 'hello')
    IndexScan_Default(Index(items.sku), sku = '1234')