PhysicalSelect[cid:MCOMPAT_ INTEGER(11) NOT NULL, name:MCOMPAT_ VARCHAR(32, UTF8, UCS_BINARY) NULL]
  UnionAll_Default()
    Project_Default(customers.cid, customers.name)
      IndexScan_Default(Index(customers.name), name, cid)
    Project_Default(orders.cid, orders.order_date)
      IndexScan_Default(Index(orders.order_date), order_date, cid, oid)