PhysicalSelect[name:varchar(32)[VARCHAR], order_date:date[DATE]]
  project([Field(1), Field(4)])
    Sort_Tree(flatten(flatten(user.customers, user.orders), user.items))
      Filter_Default([flatten(flatten(user.customers, user.orders), user.items)])
        Flatten_HKeyOrdered(flatten(user.customers, user.orders) INNER user.items)
          Flatten_HKeyOrdered(user.customers INNER user.orders)
            Select_HKeyOrdered(user.items, Field(3) > Literal(100))
              GroupScan_Default(full scan on _akiban_customers NO LIMIT)