project([Field(0)])
  IndexScan_Default(Index(user.customers.name[IndexColumn(name)]) (,))
[name:varchar(32)[VARCHAR]]