PhysicalSelect@12bd5276[pid]
  Project_Default(Field(5))
    Sort_General(DISTANCE_LAT_LON(Field(3), Field(4), 42.3583, -71.0603) ASC)
      Select_HKeyOrdered(DISTANCE_LAT_LON(Field(3), Field(4), 42.3583, -71.0603) <= 0.0466)
        IndexScan_Default(Index(test.places.name_geo), places.state = 'MA', food_vendors.name = 'starbucks', (lat, lon) BETWEEN (42.3583 - 0.0466, -71.0603 - 0.0466) AND (42.3583 + 0.0466, -71.0603 + 0.0466))