project([Field(1), Field(4), Field(7), Field(8)])
  Flatten_HKeyOrdered(flatten(user.customers, user.orders) INNER user.items)
    Flatten_HKeyOrdered(user.customers INNER user.orders)
      AncestorLookup_Default(Index(.customers.cname_and_sku[IndexColumn(name), IndexColumn(sku)]) -> [user.customers, user.orders, user.items])
        IndexScan_Default(Index(.customers.cname_and_sku[IndexColumn(name), IndexColumn(sku)]) (>=ExpressionRow[Literal(Smith), Literal(1234)],<=ExpressionRow[Literal(Smith), Literal(1234)]))
[name:varchar(32)[VARCHAR], order_date:date[DATE], sku:varchar(32)[VARCHAR], quan:int[INT]]
