PhysicalSelect[name:varchar(32)[VARCHAR]]
  Distinct_Partial()
    Project_Default(customers.name)
      IndexScan_Default(Index(.customers.cname_and_sku[IndexColumn(name), IndexColumn(sku)]), name, sku, cid, oid, iid)