SelectQuery@1ef3d1b
  ResultSet@194df96[user.orders.order_date, user.items.sku]
    Filter@932fe[]
      Flatten@50fa70a4
        IndexScan@1f2428d(Index(.customers.sku_and_date[IndexColumn(sku), IndexColumn(order_date)]), covering/SORTED, <8888)
        JoinNode@6d080876(INNER_JOIN[user.items.oid == user.orders.oid] - TableGroupJoin@2a63b2e6(Join(user/orders/oid/user/user.items/oid: user.items -> user.orders, group(customers))))
          TableSource@546d3b92(user.orders - TableGroup@77762fc7(customers))
          TableSource@4f62198b(user.items - TableGroupJoin@2a63b2e6(Join(user/orders/oid/user/user.items/oid: user.items -> user.orders, group(customers))))