PhysicalSelect@1f9f0f2[name, order_date, name]
  Map_NestedLoops
    Flatten_HKeyOrdered(user.customers INNER user.orders)
      AncestorLookup_Default(Index(user.orders.order_date[IndexColumn(order_date)]) -> [user.customers, user.orders])
        IndexScan_Default(Index(user.orders.order_date[IndexColumn(order_date)]) (>UnboundExpressions[Literal(2011-01-01)],))
    project([Bound(0,Field(1)), Bound(0,Field(4)), Field(2)])
      Select_HKeyOrdered(user.child, Field(2) != Literal(Smith))
        Filter_Default([user.child])
          BranchLookup_Default(_akiban_parent Index(user.parent.name[IndexColumn(name)]) -> user.parent limit NO LIMIT)
            IndexScan_Default(Index(user.parent.name[IndexColumn(name)]) (>=UnboundExpressions[Bound(0,Field(1))],<=UnboundExpressions[Bound(0,Field(1))]))