SelectQuery@7229c204
  ResultSet@1380cf2a[order_date, name]
    MapJoin@2e257f1b()
      Flatten@55a7b0bf(user.customers LEFT user.orders)
        GroupScan@643f96ee(Group(customers -> user._akiban_customers))
          TableSource@644cd580(user.customers - TableGroup@5dc1ac46(customers))
          TableSource@7054f9f1(user.orders - TableGroupJoin@561557c0(Join(user/customers/cid/user/user.orders/cid: user.orders -> user.customers, group(customers))))
      MapJoin@1fbbdd48()
        NullIfEmpty@609903f4
          IndexScan@ace16ad(Index(user.parent.name[IndexColumn(name)]), covering/NONE, =user.customers.name)
        Project@6da0d866[user.orders.order_date, user.child.name]
          Select@5adf48c4[]
            NullIfEmpty@5dd2b9b7
              IndexScan@6032bd65(Index(user.child.name[IndexColumn(name)]), covering/NONE, =user.parent.name)