SelectQuery@6d386751
  ResultSet@12072edc[_SQL_COL_1, order_date]
    Project@159576c3[concatenate(concatenate([[[,user.customers.name),]]]), user.orders.order_date]
      Sort@7a80747[concatenate(concatenate([[[,user.customers.name),]]])]
        Select@2875ca3e[user.orders.order_date > Cast(2011-01-01 AS DATE NOT NULL)]
          JoinNode@4d30c132(INNER[user.customers.cid == user.orders.cid])
            TableSource@3bdbe135(user.customers)
            TableSource@609e7d46(user.orders)