SelectQuery@11568fb5
  Distinct@49f4bcf7
    ResultSet@62a2220f[user.child.name]
      Filter@26a3960[user.parent.name != Smith]
        JoinNode@bdccedd(INNER_JOIN[user.parent.id == user.child.pid])
          TableSource@4d911540(user.parent)
          TableSource@700a4488(user.child)