SelectQuery@19fac852
  ResultSet@1f758cd1[name, order_date, state]
    Project@5e6ffd79[user.customers.name, user.orders.order_date, user.addresses.state]
      Filter@a6a435f[]
        Product@466d1750
          Flatten@2415a94f(user.customers INNER_JOIN user.addresses)
            AncestorLookup@a1e940b(user.addresses -> [user.customers, user.addresses])
              IndexScan@5d89635d(Index(user.addresses.state[IndexColumn(state)]), NONE, >M)
              TableSource@52234265(user.customers - TableGroup@66da9ea4(customers))
              TableSource@8dc1f04(user.addresses - TableGroupJoin@1ae555bd(Join(user/customers/cid/user/user.addresses/cid: user.addresses -> user.customers, group(customers))))
          Flatten@465ff916(user.orders)
            BranchLookup@46da3772(user.customers -> user.orders)
              TableSource@2b784427(user.orders - TableGroupJoin@206e41b5(Join(user/customers/cid/user/user.orders/cid: user.orders -> user.customers, group(customers))))