SELECT DISTINCT user.parent.title AS title FROM user.parent